FATAL [2021-01-22 16:56:18] [/home/sun123t2/mine/Project/EduOJ/Judger/src/runner.c:39]Error: ROOT_REQUIRED
